// Jest Snapshot v1, https://goo.gl/fbAQLP

exports[`Track component renders correctly 1`] = `
<DocumentFragment>
  <div
    class="playlistItem"
  >
    <div
      class="playlistTrack"
    >
      <div
        class="trackTitle"
      >
        <div
          class="imageContainer"
        >
          <div
            class="trackTitleImage"
          >
            <svg
              class="trackTitleSvg"
            >
              <use
                xlink:href="/img/icon/sprite.svg#icon-note"
              />
            </svg>
          </div>
        </div>
        <div>
          <a
            class="trackTitleLink"
            href="#"
          >
            Track1 
            <span
              class="trackTitleSpan"
            />
          </a>
        </div>
      </div>
      <div
        class="trackAuthor"
      >
        <a
          class="trackAuthorLink"
          href="http://"
        >
          Author1
        </a>
      </div>
      <div
        class="trackAlbum"
      >
        <a
          class="trackAlbumLink"
          href="http://"
        >
          Album1
        </a>
      </div>
      <div
        class=""
      >
        <svg
          class="trackLikeSvg"
        >
          <use
            xlink:href="/img/icon/sprite.svg#icon-like"
          />
        </svg>
      </div>
      <div>
        <span
          class="trackTimeText"
        >
          1:40
        </span>
      </div>
    </div>
  </div>
</DocumentFragment>
`;
