// Jest Snapshot v1, https://goo.gl/fbAQLP

exports[`Nav component renders correctly 1`] = `
<div>
  <nav
    class="main"
  >
    <div
      class="logo"
    >
      <a
        href="/playlist"
      >
        <img
          alt="logo"
          class="image"
          data-nimg="1"
          decoding="async"
          fetchpriority="high"
          height="43"
          src="/_next/image?url=%2Fimg%2Flogo.png&w=256&q=75"
          srcset="/_next/image?url=%2Fimg%2Flogo.png&w=128&q=75 1x, /_next/image?url=%2Fimg%2Flogo.png&w=256&q=75 2x"
          style="color: transparent;"
          width="113.33"
        />
      </a>
    </div>
    <div
      class="burger"
    >
      <span
        class="burgerLine"
      />
      <span
        class="burgerLine"
      />
      <span
        class="burgerLine"
      />
    </div>
  </nav>
</div>
`;
