// Jest Snapshot v1, https://goo.gl/fbAQLP

exports[`Signup component renders correctly 1`] = `
<div>
  <div
    class="wrapper"
  >
    <div
      class="container"
    >
      <div
        class="block"
      >
        <form
          class="formLogin"
        >
          <a
            href="../"
          >
            <div
              class="logo"
            >
              <img
                alt="logo"
                class="logoImage"
                data-nimg="1"
                decoding="async"
                fetchpriority="high"
                height="43"
                src="/_next/image?url=%2Fimg%2Flogo_modal.png&w=256&q=75"
                srcset="/_next/image?url=%2Fimg%2Flogo_modal.png&w=128&q=75 1x, /_next/image?url=%2Fimg%2Flogo_modal.png&w=256&q=75 2x"
                style="color: transparent;"
                width="113.33"
              />
            </div>
          </a>
          <input
            autocomplete="username"
            class="inputFirstChild"
            name="username"
            placeholder="Имя пользователя"
            type="text"
            value=""
          />
          <input
            autocomplete="email"
            class="input"
            name="email"
            placeholder="Почта"
            type="text"
            value=""
          />
          <input
            autocomplete="current-password"
            class="input"
            name="password"
            placeholder="Пароль"
            type="password"
            value=""
          />
          <input
            autocomplete="current-password"
            class="input"
            name="passwordRepeat"
            placeholder="Повторите пароль"
            type="password"
          />
          <button
            class="signupButton"
          >
            <a
              class="signupButtonLink"
              href="/signin"
            >
              Зарегистрироваться
            </a>
          </button>
        </form>
      </div>
    </div>
  </div>
</div>
`;
