// Jest Snapshot v1, https://goo.gl/fbAQLP

exports[`Track component renders correctly and renders heading 1`] = `
<div>
  <h2
    class="title"
  >
    Title
  </h2>
  <div
    class="filter"
  >
    <div
      class="filterTitle"
    >
      Искать по:
    </div>
    <div
      class="filterButton"
    >
      исполнителю
    </div>
    <div
      class="filterButton"
    >
      году выпуска
    </div>
    <div
      class="filterButton"
    >
      жанру
    </div>
  </div>
  <div
    class="content"
  >
    <div
      class="contentTitle"
    >
      <div
        class="playlistColumn playlistColumn01"
      >
        Трек
      </div>
      <div
        class="playlistColumn playlistColumn02"
      >
        Исполнитель
      </div>
      <div
        class="playlistColumn playlistColumn03"
      >
        Альбом
      </div>
      <div
        class="playlistColumn playlistColumn04"
      >
        <div
          class=""
        >
          <svg
            class="playlistTitleSvg"
          >
            <use
              xlink:href="/img/icon/sprite.svg#icon-watch"
            />
          </svg>
        </div>
      </div>
    </div>
    <div
      class="playlistContent"
    >
      <div
        class="playlistItem"
      >
        <div
          class="playlistTrack"
        >
          <div
            class="trackTitle"
          >
            <div
              class="imageContainer"
            >
              <div
                class="trackTitleImage"
              >
                <svg
                  class="trackTitleSvg"
                >
                  <use
                    xlink:href="/img/icon/sprite.svg#icon-note"
                  />
                </svg>
              </div>
            </div>
            <div>
              <a
                class="trackTitleLink"
                href="#"
              >
                Track1
                 
                <span
                  class="trackTitleSpan"
                />
              </a>
            </div>
          </div>
          <div
            class="trackAuthor"
          >
            <a
              class="trackAuthorLink"
              href="http://"
            >
              Author1
            </a>
          </div>
          <div
            class="trackAlbum"
          >
            <a
              class="trackAlbumLink"
              href="http://"
            >
              Album1
            </a>
          </div>
          <div
            class=""
          >
            <svg
              class="trackLikeSvgActive"
            >
              <use
                xlink:href="/img/icon/sprite.svg#icon-like"
              />
            </svg>
          </div>
          <div>
            <span
              class="trackTimeText"
            >
              1:40
            </span>
          </div>
        </div>
      </div>
    </div>
  </div>
</div>
`;
