// Jest Snapshot v1, https://goo.gl/fbAQLP

exports[`Search component renders correctly 1`] = `
<div>
  <div
    class="contentTitle"
  >
    <div
      class="playlistColumn playlistColumn01"
    >
      Трек
    </div>
    <div
      class="playlistColumn playlistColumn02"
    >
      Исполнитель
    </div>
    <div
      class="playlistColumn playlistColumn03"
    >
      Альбом
    </div>
    <div
      class="playlistColumn playlistColumn04"
    >
      <div
        class=""
      >
        <svg
          class="playlistTitleSvg"
        >
          <use
            xlink:href="/img/icon/sprite.svg#icon-watch"
          />
        </svg>
      </div>
    </div>
  </div>
</div>
`;
