// Jest Snapshot v1, https://goo.gl/fbAQLP

exports[`Filter component renders correctly 1`] = `
<div>
  <div
    class="filter"
  >
    <div
      class="filterTitle"
    >
      Искать по:
    </div>
    <div
      class="filterButton"
    >
      исполнителю
    </div>
    <span
      class="selectedPerformerFilterCount"
      data-testid="author-count"
    >
      3
    </span>
    <div
      class="filterButton"
    >
      году выпуска
    </div>
    <span
      class="selectedYearFilterCount"
      data-testid="date-count"
    >
      1
    </span>
    <div
      class="filterButton"
    >
      жанру
    </div>
    <span
      class="selectedGenreFilterCount"
      data-testid="genre-count"
    >
      2
    </span>
  </div>
</div>
`;
