// Jest Snapshot v1, https://goo.gl/fbAQLP

exports[`Sidebar component renders correctly 1`] = `
<div>
  <div
    class="sidebar"
  >
    <div
      class="personal"
    >
      <p
        class="personalName"
      />
      <div
        class="icon"
      >
        <svg>
          <use
            xlink:href="/img/icon/sprite.svg#logout"
          />
        </svg>
      </div>
    </div>
    <div
      class="block"
    >
      <div
        class="list"
      >
        <div
          class="item"
        >
          <a
            href="/playlist/selection/1"
          >
            <img
              alt="day's playlist"
              class="img"
              data-nimg="1"
              decoding="async"
              fetchpriority="high"
              height="150"
              src="/_next/image?url=%2Fimg%2Fplaylist01.png&w=640&q=75"
              srcset="/_next/image?url=%2Fimg%2Fplaylist01.png&w=256&q=75 1x, /_next/image?url=%2Fimg%2Fplaylist01.png&w=640&q=75 2x"
              style="color: transparent;"
              width="250"
            />
          </a>
        </div>
        <div
          class="item"
        >
          <a
            href="/playlist/selection/2"
          >
            <img
              alt="day's playlist"
              class="img"
              data-nimg="1"
              decoding="async"
              fetchpriority="high"
              height="150"
              src="/_next/image?url=%2Fimg%2Fplaylist02.png&w=640&q=75"
              srcset="/_next/image?url=%2Fimg%2Fplaylist02.png&w=256&q=75 1x, /_next/image?url=%2Fimg%2Fplaylist02.png&w=640&q=75 2x"
              style="color: transparent;"
              width="250"
            />
          </a>
        </div>
        <div
          class="item"
        >
          <a
            href="/playlist/selection/3"
          >
            <img
              alt="day's playlist"
              class="img"
              data-nimg="1"
              decoding="async"
              fetchpriority="high"
              height="150"
              src="/_next/image?url=%2Fimg%2Fplaylist03.png&w=640&q=75"
              srcset="/_next/image?url=%2Fimg%2Fplaylist03.png&w=256&q=75 1x, /_next/image?url=%2Fimg%2Fplaylist03.png&w=640&q=75 2x"
              style="color: transparent;"
              width="250"
            />
          </a>
        </div>
      </div>
    </div>
  </div>
</div>
`;
