// Jest Snapshot v1, https://goo.gl/fbAQLP

exports[`Player component renders correctly 1`] = `
<div>
  <div
    class="bar"
    data-testid="player-container"
  >
    <div
      class="content"
    >
      <audio />
      <div>
        <input
          class="progressBar"
          max="0"
          min="0"
          step="0.01"
          type="range"
          value="0"
        />
      </div>
      <div
        class="playerBlock"
      >
        <div
          class="player"
        >
          <div
            class="controls"
          >
            <div
              class="buttonPrev"
            >
              <svg
                class="buttonPrevSvg"
              >
                <use
                  xlink:href="/img/icon/sprite.svg#icon-prev"
                />
              </svg>
            </div>
            <div
              class="buttonPause"
            >
              <img
                alt=""
                data-nimg="1"
                decoding="async"
                height="19"
                loading="lazy"
                src="/img/icon/pause.svg"
                style="color: transparent;"
                width="15"
              />
            </div>
            <div
              class="buttonNext"
            >
              <svg
                class="buttonNextSvg"
              >
                <use
                  xlink:href="/img/icon/sprite.svg#icon-next"
                />
              </svg>
            </div>
            <div
              class="buttonRepeat"
            >
              <svg
                class="buttonRepeatSvg"
              >
                <use
                  xlink:href="/img/icon/sprite.svg#icon-repeat"
                />
              </svg>
            </div>
            <div
              class="buttonShuffle"
            >
              <svg
                class="buttonShuffleSvg"
              >
                <use
                  xlink:href="/img/icon/sprite.svg#icon-shuffle"
                />
              </svg>
            </div>
          </div>
          <div
            class="trackPlay"
          >
            <div
              class="trackPlayContainer"
            >
              <div
                class="trackPlayImage"
              >
                <svg
                  class="trackPlayImageSvg"
                >
                  <use
                    xlink:href="/img/icon/sprite.svg#icon-note"
                  />
                </svg>
              </div>
              <div
                class="trackPlayName"
              >
                <a
                  class="trackPlayNameLink"
                  href="#"
                />
              </div>
              <div
                class="trackPlayAuthor"
              >
                <a
                  class="trackPlayAuthorLink"
                  href="#"
                />
              </div>
            </div>
            <div
              class="trackTime"
            >
              <p
                class="trackTimeFigures"
              >
                0:00
              </p>
               
              /
               
              <p
                class="trackTimeFigures"
              >
                0:00
              </p>
            </div>
            <div
              class="trackPlayLikeDis"
            >
              <div
                class="trackPlayLike"
              >
                <svg
                  class="trackPlayLikeSvg"
                >
                  <use
                    xlink:href="/img/icon/sprite.svg#icon-like"
                  />
                </svg>
              </div>
            </div>
          </div>
        </div>
        <div
          class="volumeBlock"
        >
          <div
            class="volumeContent"
          >
            <div
              class="volumeImage"
            >
              <svg
                class="volumeSvg"
              >
                <use
                  xlink:href="/img/icon/sprite.svg#icon-volume"
                />
              </svg>
            </div>
            <div
              class="volumeProgress"
            >
              <input
                class="volumeProgressLine"
                max="1"
                min="0"
                name="range"
                step="0.01"
                type="range"
                value="0.5"
              />
            </div>
          </div>
        </div>
      </div>
    </div>
  </div>
</div>
`;
